// Jest Snapshot v1, https://goo.gl/fbAQLP

exports[`station, a node drawn from its key is the same drawing for the same key, and pinned by goldens 1`] = `
{
  "dots": [
    [
      0,
      0,
    ],
  ],
  "gate": 2,
  "outline": [
    [
      -0.7627,
      -0.1231,
    ],
    [
      -0.8624,
      -0.5063,
    ],
    [
      0.5063,
      -0.8624,
    ],
    [
      0.8624,
      0.5063,
    ],
    [
      -0.5063,
      0.8624,
    ],
    [
      -0.606,
      0.4792,
    ],
  ],
  "sides": 4,
}
`;

exports[`station, a node drawn from its key is the same drawing for the same key, and pinned by goldens 2`] = `
{
  "dots": [
    [
      0,
      -0.3172,
    ],
    [
      0.3172,
      0,
    ],
    [
      0,
      0.3172,
    ],
    [
      -0.3172,
      0,
    ],
  ],
  "gate": 2,
  "outline": [
    [
      -0.5935,
      0.668,
    ],
    [
      -0.8421,
      0.5393,
    ],
    [
      -0.8881,
      -0.4597,
    ],
    [
      -0.0459,
      -0.9989,
    ],
    [
      0.8421,
      -0.5393,
    ],
    [
      0.8881,
      0.4597,
    ],
    [
      0.0459,
      0.9989,
    ],
    [
      -0.2027,
      0.8702,
    ],
  ],
  "sides": 6,
}
`;

exports[`the phone's seal is five to eight spokes from its key, pinned by a golden 1`] = `
[
  [
    [
      0.1481,
      0.0329,
    ],
    [
      0.7695,
      0.1708,
    ],
  ],
  [
    [
      0.0456,
      0.1447,
    ],
    [
      0.212,
      0.673,
    ],
  ],
  [
    [
      -0.1025,
      0.1118,
    ],
    [
      -0.3168,
      0.3455,
    ],
  ],
  [
    [
      -0.1481,
      -0.0329,
    ],
    [
      -0.8071,
      -0.1792,
    ],
  ],
  [
    [
      -0.0456,
      -0.1447,
    ],
    [
      -0.1877,
      -0.5958,
    ],
  ],
  [
    [
      0.1025,
      -0.1118,
    ],
    [
      0.3534,
      -0.3854,
    ],
  ],
]
`;
